// Jest Snapshot v1, https://goo.gl/fbAQLP

exports[`HeaderBar renders correctly 1`] = `
<View
  onLayout={[Function]}
  style={
    Object {
      "flex": 1,
    }
  }
>
  <View
    enabled={false}
    hitSlop={
      Object {
        "right": 50,
      }
    }
    maxDeltaY={20}
    minOffsetX={5}
    onGestureEvent={[Function]}
    onHandlerStateChange={[Function]}
  >
    <View
      style={
        Object {
          "backgroundColor": "#eee",
          "flex": 1,
          "flexDirection": "column-reverse",
          "overflow": "hidden",
        }
      }
    >
      <View
        style={
          Object {
            "flex": 1,
          }
        }
      >
        <View
          pointerEvents="auto"
          style={
            Object {
              "bottom": 0,
              "left": 0,
              "opacity": 1,
              "paddingTop": 64,
              "position": "absolute",
              "right": 0,
              "top": 0,
              "transform": Array [
                Object {
                  "translateX": 0,
                },
                Object {
                  "translateY": 0,
                },
              ],
            }
          }
        >
          <View
            accessibilityElementsHidden={false}
            style={
              Object {
                "backgroundColor": "#fff",
                "flex": 1,
              }
            }
          >
            <View
              style={
                Object {
                  "alignItems": "center",
                  "backgroundColor": "#333",
                  "borderBottomWidth": 1,
                  "borderColor": "#ccc",
                  "flex": 0,
                  "flexDirection": "row",
                  "justifyContent": "space-between",
                }
              }
            >
              <View
                style={
                  Object {
                    "backgroundColor": "transparent",
                    "borderBottomColor": "transparent",
                    "borderBottomWidth": 1,
                    "borderTopColor": "transparent",
                    "borderTopWidth": 1,
                    "borderWidth": 0,
                    "display": "none",
                    "flex": 1,
                    "padding": 8,
                    "paddingBottom": 5,
                    "paddingLeft": 0,
                    "paddingTop": 5,
                    "shadowColor": "#fff",
                  }
                }
              >
                <View
                  style={
                    Object {
                      "paddingHorizontal": 0,
                      "width": "100%",
                    }
                  }
                >
                  <View
                    style={
                      Object {
                        "alignItems": "center",
                        "backgroundColor": "#303337",
                        "borderBottomWidth": 0,
                        "borderColor": "#86939e",
                        "borderRadius": 3,
                        "flexDirection": "row",
                        "minHeight": 30,
                        "overflow": "hidden",
                        "transform": Array [
                          Object {
                            "translateX": 0,
                          },
                        ],
                      }
                    }
                  >
                    <View
                      style={
                        Object {
                          "alignItems": "center",
                          "height": 40,
                          "justifyContent": "center",
                          "marginLeft": 8,
                        }
                      }
                    >
                      <View>
                        <View
                          style={
                            Object {
                              "alignItems": "center",
                              "backgroundColor": "transparent",
                              "justifyContent": "center",
                            }
                          }
                          theme={
                            Object {
                              "colors": Object {
                                "disabled": "hsl(208, 8%, 90%)",
                                "divider": "#bcbbc1",
                                "error": "#ff190c",
                                "grey0": "#393e42",
                                "grey1": "#43484d",
                                "grey2": "#5e6977",
                                "grey3": "#86939e",
                                "grey4": "#bdc6cf",
                                "grey5": "#e1e8ee",
                                "greyOutline": "#bbb",
                                "platform": Object {
                                  "android": Object {
                                    "error": "#f44336",
                                    "primary": "#2196f3",
                                    "secondary": "#9C27B0",
                                    "success": "#4caf50",
                                    "warning": "#ffeb3b",
                                  },
                                  "ios": Object {
                                    "error": "#ff3b30",
                                    "primary": "#007aff",
                                    "secondary": "#5856d6",
                                    "success": "#4cd964",
                                    "warning": "#ffcc00",
                                  },
                                },
                                "primary": "#2089dc",
                                "searchBg": "#303337",
                                "secondary": "#8F0CE8",
                                "success": "#52c41a",
                                "warning": "#faad14",
                              },
                            }
                          }
                          underlayColor="white"
                        >
                          <Text />
                        </View>
                      </View>
                    </View>
                    <TextInput
                      allowFontScaling={true}
                      onBlur={[Function]}
                      onChangeText={[Function]}
                      onClear={[Function]}
                      onFocus={[Function]}
                      placeholder="Type Here..."
                      placeholderTextColor="#86939e"
                      platform="default"
                      style={
                        Object {
                          "alignSelf": "center",
                          "color": "#86939e",
                          "flex": 1,
                          "fontSize": 18,
                          "marginLeft": 10,
                          "minHeight": 40,
                        }
                      }
                      testID="searchInput"
                      underlineColorAndroid="transparent"
                      value=""
                    />
                    <View
                      style={
                        Object {
                          "alignItems": "center",
                          "height": 40,
                          "justifyContent": "center",
                          "marginLeft": 15,
                          "marginRight": 8,
                        }
                      }
                    >
                      <View
                        style={
                          Object {
                            "flexDirection": "row",
                          }
                        }
                      />
                    </View>
                  </View>
                </View>
              </View>
              <View
                style={
                  Object {
                    "alignItems": "flex-start",
                    "color": "#fff",
                    "display": "flex",
                    "flex": 1,
                    "flexDirection": "column",
                    "padding": 12,
                  }
                }
              >
                <Text
                  style={
                    Object {
                      "color": "#fff",
                      "fontSize": 18,
                      "fontWeight": "bold",
                    }
                  }
                />
              </View>
              <View
                accessible={true}
                isTVSelectable={true}
                onResponderGrant={[Function]}
                onResponderMove={[Function]}
                onResponderRelease={[Function]}
                onResponderTerminate={[Function]}
                onResponderTerminationRequest={[Function]}
                onStartShouldSetResponder={[Function]}
                style={null}
              >
                <View
                  flexDirection="row"
                  style={Object {}}
                >
                  <Text />
                </View>
              </View>
              <Text />
            </View>
          </View>
        </View>
      </View>
      <View
        onLayout={[Function]}
        pointerEvents="box-none"
        style={
          Object {
            "left": 0,
            "position": "absolute",
            "right": 0,
            "top": 0,
          }
        }
      >
        <View
          style={
            Object {
              "backgroundColor": "#FFF",
              "transform": Array [
                Object {
                  "translateX": 0,
                },
              ],
            }
          }
        >
          <View
            onLayout={[Function]}
            pointerEvents="box-none"
            style={
              Object {
                "backgroundColor": "#FFF",
                "borderBottomColor": "#A7A7AA",
                "borderBottomWidth": 0.5,
                "height": 64,
                "paddingBottom": 0,
                "paddingLeft": 0,
                "paddingRight": 0,
                "paddingTop": 20,
              }
            }
          >
            <View
              style={
                Object {
                  "flex": 1,
                }
              }
            >
              <View
                style={
                  Object {
                    "bottom": 0,
                    "flexDirection": "row",
                    "left": 0,
                    "position": "absolute",
                    "right": 0,
                    "top": 0,
                  }
                }
              >
                <View
                  pointerEvents="box-none"
                  style={
                    Object {
                      "alignItems": "center",
                      "backgroundColor": "transparent",
                      "bottom": 0,
                      "flexDirection": "row",
                      "justifyContent": "center",
                      "left": 0,
                      "opacity": 1,
                      "position": "absolute",
                      "right": 0,
                      "top": 0,
                    }
                  }
                >
                  <Text
                    accessibilityTraits="header"
                    allowFontScaling={false}
                    numberOfLines={1}
                    onLayout={[Function]}
                    style={
                      Object {
                        "color": "rgba(0, 0, 0, .9)",
                        "fontSize": 17,
                        "fontWeight": "600",
                        "marginHorizontal": 16,
                        "textAlign": "center",
                      }
                    }
                  />
                </View>
              </View>
            </View>
          </View>
        </View>
      </View>
    </View>
  </View>
</View>
`;
