// Jest Snapshot v1, https://goo.gl/fbAQLP

exports[`ProductDetailScreen renders correctly 1`] = `
<View
  onLayout={[Function]}
  style={
    Object {
      "flex": 1,
    }
  }
>
  <View
    enabled={false}
    hitSlop={
      Object {
        "right": 50,
      }
    }
    maxDeltaY={20}
    minOffsetX={5}
    onGestureEvent={[Function]}
    onHandlerStateChange={[Function]}
  >
    <View
      style={
        Object {
          "backgroundColor": "#eee",
          "flex": 1,
          "flexDirection": "column-reverse",
          "overflow": "hidden",
        }
      }
    >
      <View
        style={
          Object {
            "flex": 1,
          }
        }
      >
        <View
          pointerEvents="auto"
          style={
            Object {
              "bottom": 0,
              "left": 0,
              "opacity": 1,
              "position": "absolute",
              "right": 0,
              "top": 0,
              "transform": Array [
                Object {
                  "translateX": 0,
                },
                Object {
                  "translateY": 0,
                },
              ],
            }
          }
        >
          <View
            accessibilityElementsHidden={false}
            style={
              Object {
                "backgroundColor": "#fff",
                "flex": 1,
              }
            }
          >
            <View
              style={
                Object {
                  "flex": 1,
                  "flexDirection": "column",
                }
              }
            >
              <View
                style={
                  Object {
                    "flex": 1,
                    "flexDirection": "column",
                  }
                }
              >
                <View
                  style={
                    Object {
                      "alignItems": "center",
                      "flex": 1,
                      "flexDirection": "column",
                      "justifyContent": "center",
                      "padding": 5,
                    }
                  }
                >
                  <Image
                    source={1}
                    style={
                      Array [
                        Object {
                          "borderColor": "#eee",
                          "borderWidth": 2,
                        },
                        Object {
                          "height": "100%",
                          "width": "100%",
                        },
                      ]
                    }
                  />
                </View>
              </View>
              <View
                style={
                  Object {
                    "flex": 1,
                    "flexDirection": "column",
                    "padding": 10,
                  }
                }
              />
            </View>
          </View>
        </View>
      </View>
      <View
        onLayout={[Function]}
        pointerEvents="box-none"
        style={
          Object {
            "left": 0,
            "position": "absolute",
            "right": 0,
            "top": 0,
          }
        }
      >
        <View
          style={
            Object {
              "backgroundColor": "#FFF",
              "transform": Array [
                Object {
                  "translateX": -750,
                },
              ],
            }
          }
        >
          <View
            onLayout={[Function]}
            pointerEvents="box-none"
            style={
              Object {
                "backgroundColor": "#FFF",
                "borderBottomColor": "#A7A7AA",
                "borderBottomWidth": 0.5,
                "height": 64,
                "paddingBottom": 0,
                "paddingLeft": 0,
                "paddingRight": 0,
                "paddingTop": 20,
              }
            }
          >
            <View
              style={
                Object {
                  "flex": 1,
                }
              }
            />
          </View>
        </View>
      </View>
    </View>
  </View>
</View>
`;
