// Jest Snapshot v1, https://goo.gl/fbAQLP

exports[`ProductListRenderItem renders correctly 1`] = `null`;
