// Jest Snapshot v1, https://goo.gl/fbAQLP

exports[`NextButton renders correctly 1`] = `
<View
  accessible={true}
  isTVSelectable={true}
  onResponderGrant={[Function]}
  onResponderMove={[Function]}
  onResponderRelease={[Function]}
  onResponderTerminate={[Function]}
  onResponderTerminationRequest={[Function]}
  onStartShouldSetResponder={[Function]}
  style={null}
>
  <View
    style={
      Object {
        "alignItems": "center",
        "flex": 0,
        "flexDirection": "row",
        "justifyContent": "center",
        "margin": 10,
        "marginBottom": 20,
      }
    }
  >
    <Text
      style={
        Object {
          "color": "#2f95dc",
          "fontSize": 14,
          "fontWeight": "bold",
        }
      }
    >
       
      Proceed to Address Selection
       
    </Text>
    <Text />
  </View>
</View>
`;
